JPEXS Free Flash Decompiler v.26.2.1
------------------------------------
Exporting scripts...
Exported script 10/15 /home/dereksparks1982/DKLab/Projects/The-Roomz-Game-2007/research/decompiled/recovered-unique/b6f0e021fab2_Intro/scripts/DefineSprite_227/frame_1/DoAction.as, 00:00.029
Exported script 4/15 /home/dereksparks1982/DKLab/Projects/The-Roomz-Game-2007/research/decompiled/recovered-unique/b6f0e021fab2_Intro/scripts/DefineSprite_192/frame_30/DoAction.as, 00:00.029
Exported script 11/15 /home/dereksparks1982/DKLab/Projects/The-Roomz-Game-2007/research/decompiled/recovered-unique/b6f0e021fab2_Intro/scripts/DefineSprite_231/frame_1/DoAction.as, 00:00.027
Exported script 2/15 /home/dereksparks1982/DKLab/Projects/The-Roomz-Game-2007/research/decompiled/recovered-unique/b6f0e021fab2_Intro/scripts/DefineSprite_105/frame_15/DoAction.as, 00:00.029
Exported script 3/15 /home/dereksparks1982/DKLab/Projects/The-Roomz-Game-2007/research/decompiled/recovered-unique/b6f0e021fab2_Intro/scripts/DefineSprite_128/frame_358/DoAction.as, 00:00.029
Exported script 14/15 /home/dereksparks1982/DKLab/Projects/The-Roomz-Game-2007/research/decompiled/recovered-unique/b6f0e021fab2_Intro/scripts/frame_1/DoAction.as, 00:00.001
Exported script 1/15 /home/dereksparks1982/DKLab/Projects/The-Roomz-Game-2007/research/decompiled/recovered-unique/b6f0e021fab2_Intro/scripts/DefineSprite_105/frame_1/DoAction.as, 00:00.030
Exported script 13/15 /home/dereksparks1982/DKLab/Projects/The-Roomz-Game-2007/research/decompiled/recovered-unique/b6f0e021fab2_Intro/scripts/DefineSprite_231/frame_45/DoAction.as, 00:00.001
Exported script 12/15 /home/dereksparks1982/DKLab/Projects/The-Roomz-Game-2007/research/decompiled/recovered-unique/b6f0e021fab2_Intro/scripts/DefineSprite_231/frame_20/DoAction.as, 00:00.001
Exported script 9/15 /home/dereksparks1982/DKLab/Projects/The-Roomz-Game-2007/research/decompiled/recovered-unique/b6f0e021fab2_Intro/scripts/DefineSprite_225_intro/frame_389/DoAction.as, 00:00.030
Exported script 6/15 /home/dereksparks1982/DKLab/Projects/The-Roomz-Game-2007/research/decompiled/recovered-unique/b6f0e021fab2_Intro/scripts/DefineSprite_225_intro/frame_1/DoAction.as, 00:00.031
Exported script 7/15 /home/dereksparks1982/DKLab/Projects/The-Roomz-Game-2007/research/decompiled/recovered-unique/b6f0e021fab2_Intro/scripts/DefineSprite_225_intro/frame_123/DoAction.as, 00:00.033
Exported script 15/15 /home/dereksparks1982/DKLab/Projects/The-Roomz-Game-2007/research/decompiled/recovered-unique/b6f0e021fab2_Intro/scripts/frame_2/DoAction.as, 00:00.007
Exported script 5/15 /home/dereksparks1982/DKLab/Projects/The-Roomz-Game-2007/research/decompiled/recovered-unique/b6f0e021fab2_Intro/scripts/DefineSprite_193/frame_1/DoAction.as, 00:00.042
Exported script 8/15 /home/dereksparks1982/DKLab/Projects/The-Roomz-Game-2007/research/decompiled/recovered-unique/b6f0e021fab2_Intro/scripts/DefineSprite_225_intro/frame_388/DoAction.as, 00:00.047
Export finished. Total export time: 00:00.183
OK
